// Jest Snapshot v1, https://goo.gl/fbAQLP

exports[`Home renders correctly 1`] = `
<Provider
  store={
    Object {
      "clearActions": [Function],
      "dispatch": [Function],
      "getActions": [Function],
      "getState": [Function],
      "replaceReducer": [Function],
      "subscribe": [Function],
    }
  }
>
  <Home>
    <div
      className="home"
    >
      <h2>
        Bienvenido a Spotifake
      </h2>
      <p>
        Preparate para flipar muy fuerte con esta aplicación alucinante que te provocará un cortocircuito musical en el orto
      </p>
      <p>
        Siente todo el poder del sadomaso sónico en tus pabellones auditivos
         
      </p>
      <p>
        Es muy fácil, hasta un mandril vestido de yoda, y puesto hasta su culo pelado de ketamina, podría hacerlo
      </p>
      <p>
        ¡Solo pulsa botones sin control y empieza a ensuciar tu ropa interior de placer!
      </p>
    </div>
  </Home>
</Provider>
`;
